[Medhasa Edu-in.github.io/eSchool-SaaS-Doc/index.html]
[backblue.gif]
[fade.gif]
[index.html]
[Medhasa Edu-in.github.io/eSchool-SaaS-Doc/images/logo/transparent_logo.svg]
[Medhasa Edu-in.github.io/eSchool-SaaS-Doc/images/logo/logo.png]
[cdnjs.cloudflare.com/ajax/libs/font-awesome/6.5.1/css/all.min.css]
[Medhasa Edu-in.github.io/eSchool-SaaS-Doc/assets/css/styles.9349816a.css]
[Medhasa Edu-in.github.io/eSchool-SaaS-Doc/assets/js/runtime_main.09a9dce2.js]
[Medhasa Edu-in.github.io/eSchool-SaaS-Doc/assets/js/main.fa81a50a.js]
[Medhasa Edu-in.github.io/eSchool-SaaS-Doc/assets/images/logo-ffbd6fbac3f7e67cd2106d706e9bd5d6.png]
[Medhasa Edu-in.github.io/eSchool-SaaS-Doc/index.html]
[Medhasa Edu-in.github.io/eSchool-SaaS-Doc/images/logo/transparent_logo.svg]
[cdnjs.cloudflare.com/ajax/libs/font-awesome/6.5.1/css/all.min.css]
[Medhasa Edu-in.github.io/eSchool-SaaS-Doc/installation/intro/index.html]
[Medhasa Edu-in.github.io/eSchool-SaaS-Doc/assets/css/styles.9349816a.css]
[Medhasa Edu-in.github.io/eSchool-SaaS-Doc/newfeatures/intro/index.html]
[Medhasa Edu-in.github.io/eSchool-SaaS-Doc/superadmin/intro/index.html]
[Medhasa Edu-in.github.io/eSchool-SaaS-Doc/schooladmin/intro/index.html]
[Medhasa Edu-in.github.io/eSchool-SaaS-Doc/installation/admin-panel-installation/overview/index.html]
[Medhasa Edu-in.github.io/eSchool-SaaS-Doc/installation/application-installation/overview/index.html]
[Medhasa Edu-in.github.io/eSchool-SaaS-Doc/installation/faqs/index.html]
[Medhasa Edu-in.github.io/eSchool-SaaS-Doc/installation/help-and-support/index.html]
[Medhasa Edu-in.github.io/eSchool-SaaS-Doc/changelog/index.html]
[Medhasa Edu-in.github.io/eSchool-SaaS-Doc/installation/intro/index.html]
[Medhasa Edu-in.github.io/eSchool-SaaS-Doc/installation/admin-panel-installation/overview/index.html]
[Medhasa Edu-in.github.io/eSchool-SaaS-Doc/installation/application-installation/overview/index.html]
[Medhasa Edu-in.github.io/eSchool-SaaS-Doc/newfeatures/intro/index.html]
[Medhasa Edu-in.github.io/eSchool-SaaS-Doc/installation/admin-panel-installation/vps-server-setup/index.html]
[Medhasa Edu-in.github.io/eSchool-SaaS-Doc/installation/admin-panel-installation/queue-setup/index.html]
[Medhasa Edu-in.github.io/eSchool-SaaS-Doc/superadmin/intro/index.html]
[Medhasa Edu-in.github.io/eSchool-SaaS-Doc/installation/admin-panel-installation/get-socket-url/index.html]
[Medhasa Edu-in.github.io/eSchool-SaaS-Doc/installation/admin-panel-installation/installation-steps/index.html]
[Medhasa Edu-in.github.io/eSchool-SaaS-Doc/schooladmin/intro/index.html]
[Medhasa Edu-in.github.io/eSchool-SaaS-Doc/installation/admin-panel-installation/additional-configurations/index.html]
[Medhasa Edu-in.github.io/eSchool-SaaS-Doc/installation/admin-panel-installation/setup-custom-domain/index.html]
[Medhasa Edu-in.github.io/eSchool-SaaS-Doc/installation/application-installation/initial-setup/index.html]
[Medhasa Edu-in.github.io/eSchool-SaaS-Doc/installation/application-installation/change-package-name/index.html]
[Medhasa Edu-in.github.io/eSchool-SaaS-Doc/assets/images/missing-queue-8195037d24a23e09c4f413f3ddc75464.png]
[Medhasa Edu-in.github.io/eSchool-SaaS-Doc/installation/application-installation/integrate-with-admin-panel/index.html]
[Medhasa Edu-in.github.io/eSchool-SaaS-Doc/installation/application-installation/integrate-with-firebase/index.html]
[Medhasa Edu-in.github.io/eSchool-SaaS-Doc/assets/images/school-code-super-admin-c6818677328929dc88372bc93a4c2d81.png]
[Medhasa Edu-in.github.io/eSchool-SaaS-Doc/installation/application-installation/change-app-logo/index.html]
[Medhasa Edu-in.github.io/eSchool-SaaS-Doc/installation/application-installation/change-app-name/index.html]
[Medhasa Edu-in.github.io/eSchool-SaaS-Doc/assets/images/school-code-school-admin-4388b2f75795613f2f95b29529540d4a.png]
[Medhasa Edu-in.github.io/eSchool-SaaS-Doc/installation/application-installation/run-this-app/index.html]
[Medhasa Edu-in.github.io/eSchool-SaaS-Doc/assets/images/app-img-1-db85f653a7dd1ccfd2136867e232ef1a.png]
[Medhasa Edu-in.github.io/eSchool-SaaS-Doc/installation/application-installation/change-app-theme/index.html]
[Medhasa Edu-in.github.io/eSchool-SaaS-Doc/installation/application-installation/change-font/index.html]
[Medhasa Edu-in.github.io/eSchool-SaaS-Doc/assets/images/api-dart-a15b69eab887425edae0bec19b3ff39a.png]
[Medhasa Edu-in.github.io/eSchool-SaaS-Doc/installation/application-installation/change-language/index.html]
[Medhasa Edu-in.github.io/eSchool-SaaS-Doc/assets/images/defult_studentapp-6f360b5b786211f9e9a2270d4237ab96.png]
[Medhasa Edu-in.github.io/eSchool-SaaS-Doc/installation/application-installation/generate-release-version/index.html]
[Medhasa Edu-in.github.io/eSchool-SaaS-Doc/installation/application-installation/version-compatibility/index.html]
[Medhasa Edu-in.github.io/eSchool-SaaS-Doc/assets/images/defult_staffapp-7d6a88125d381273bede000720caf2c2.png]
[Medhasa Edu-in.github.io/eSchool-SaaS-Doc/installation/faqs/index.html]
[Medhasa Edu-in.github.io/eSchool-SaaS-Doc/newfeatures/staff-attendance/index.html]
[Medhasa Edu-in.github.io/eSchool-SaaS-Doc/installation/help-and-support/index.html]
[Medhasa Edu-in.github.io/eSchool-SaaS-Doc/newfeatures/student-diary/index.html]
[Medhasa Edu-in.github.io/eSchool-SaaS-Doc/newfeatures/transportation-module/index.html]
[Medhasa Edu-in.github.io/eSchool-SaaS-Doc/superadmin/features/index.html]
[Medhasa Edu-in.github.io/eSchool-SaaS-Doc/assets/images/bulk-mcq-question-8f31b15287a3f8b6bac9c1b2cca94e90.png]
[Medhasa Edu-in.github.io/eSchool-SaaS-Doc/superadmin/authentication/index.html]
[Medhasa Edu-in.github.io/eSchool-SaaS-Doc/superadmin/dashboard/index.html]
[Medhasa Edu-in.github.io/eSchool-SaaS-Doc/assets/images/randomquestion-4320649b85ca70aaeeff1495f8e1163a.png]
[Medhasa Edu-in.github.io/eSchool-SaaS-Doc/superadmin/schools/index.html]
[Medhasa Edu-in.github.io/eSchool-SaaS-Doc/assets/images/bulk-assignment-sub-9056cf380abc9c060f20f98d18bbd6db.png]
[Medhasa Edu-in.github.io/eSchool-SaaS-Doc/superadmin/packages/index.html]
[Medhasa Edu-in.github.io/eSchool-SaaS-Doc/superadmin/addons/index.html]
[Medhasa Edu-in.github.io/eSchool-SaaS-Doc/assets/images/multilanguage-a85da7d16fda72a9f18821758a37f65f.png]
[Medhasa Edu-in.github.io/eSchool-SaaS-Doc/superadmin/subscription/index.html]
[Medhasa Edu-in.github.io/eSchool-SaaS-Doc/assets/images/optionalfeesfilter-8f3cddee6c36f3f2f5e8b9c0f71908f6.png]
[Medhasa Edu-in.github.io/eSchool-SaaS-Doc/changelog/index.html]
[Medhasa Edu-in.github.io/eSchool-SaaS-Doc/superadmin/subscription-transaction/index.html]
[Medhasa Edu-in.github.io/eSchool-SaaS-Doc/superadmin/category/staff-management/index.html]
[Medhasa Edu-in.github.io/eSchool-SaaS-Doc/superadmin/email-schools/index.html]
[Medhasa Edu-in.github.io/eSchool-SaaS-Doc/superadmin/category/web-settings/index.html]
[www.aapanel.com/static/images/aaPanel.png]
[Medhasa Edu-in.github.io/eSchool-SaaS-Doc/superadmin/category/system-settings/index.html]
[Medhasa Edu-in.github.io/eSchool-SaaS-Doc/schooladmin/authentication/index.html]
[Medhasa Edu-in.github.io/eSchool-SaaS-Doc/assets/images/22-ae5d4b5896e106d56841fa04318e2c92.png]
[Medhasa Edu-in.github.io/eSchool-SaaS-Doc/schooladmin/subscription/index.html]
[Medhasa Edu-in.github.io/eSchool-SaaS-Doc/schooladmin/dashboard/index.html]
[Medhasa Edu-in.github.io/eSchool-SaaS-Doc/assets/images/23-0-f3c7bbd43ea95ef023e67bae3b200721.png]
[Medhasa Edu-in.github.io/eSchool-SaaS-Doc/schooladmin/category/academics/index.html]
[Medhasa Edu-in.github.io/eSchool-SaaS-Doc/schooladmin/category/students/index.html]
[Medhasa Edu-in.github.io/eSchool-SaaS-Doc/schooladmin/category/teachers/index.html]
[Medhasa Edu-in.github.io/eSchool-SaaS-Doc/assets/images/24-6fb4d6b58c2edcdfabb3ea0c849d9c2f.png]
[Medhasa Edu-in.github.io/eSchool-SaaS-Doc/schooladmin/category/timetable/index.html]
[Medhasa Edu-in.github.io/eSchool-SaaS-Doc/assets/images/25-ca8cfa1437fabb86ee067139e1084981.png]
[Medhasa Edu-in.github.io/eSchool-SaaS-Doc/schooladmin/holiday-list/index.html]
[Medhasa Edu-in.github.io/eSchool-SaaS-Doc/schooladmin/student-assignment/index.html]
[Medhasa Edu-in.github.io/eSchool-SaaS-Doc/assets/images/26-294065fbad1b653209956c5dcca123ba.png]
[Medhasa Edu-in.github.io/eSchool-SaaS-Doc/schooladmin/sliders/index.html]
[Medhasa Edu-in.github.io/eSchool-SaaS-Doc/schooladmin/notification/index.html]
[Medhasa Edu-in.github.io/eSchool-SaaS-Doc/assets/images/27-ae563764b239a855c40ec931c1c357bc.png]
[Medhasa Edu-in.github.io/eSchool-SaaS-Doc/schooladmin/category/attendance/index.html]
[Medhasa Edu-in.github.io/eSchool-SaaS-Doc/assets/images/28-4de88299ad6fd77486c5ce50c4af4ca6.png]
[Medhasa Edu-in.github.io/eSchool-SaaS-Doc/schooladmin/announcement/index.html]
[Medhasa Edu-in.github.io/eSchool-SaaS-Doc/assets/images/29-fe805f230b11515acba532e7ae697135.png]
[Medhasa Edu-in.github.io/eSchool-SaaS-Doc/schooladmin/category/offline-exam/index.html]
[Medhasa Edu-in.github.io/eSchool-SaaS-Doc/schooladmin/category/online-exam/index.html]
[Medhasa Edu-in.github.io/eSchool-SaaS-Doc/schooladmin/category/fees/index.html]
[Medhasa Edu-in.github.io/eSchool-SaaS-Doc/assets/images/30-e4c4735ff09ee644e211b6ba4af400ea.png]
[Medhasa Edu-in.github.io/eSchool-SaaS-Doc/schooladmin/category/expense/index.html]
[Medhasa Edu-in.github.io/eSchool-SaaS-Doc/schooladmin/category/-student-diary-new/index.html]
[Medhasa Edu-in.github.io/eSchool-SaaS-Doc/assets/images/31-820e0e239524e9bbcc2cc7320da332a9.png]
[Medhasa Edu-in.github.io/eSchool-SaaS-Doc/schooladmin/category/-transportation-new/index.html]
[Medhasa Edu-in.github.io/eSchool-SaaS-Doc/assets/images/32-a8cecdc1d02b5b161d004ab8d225042b.png]
[Medhasa Edu-in.github.io/eSchool-SaaS-Doc/schooladmin/category/-staff-attendance-new/index.html]
[Medhasa Edu-in.github.io/eSchool-SaaS-Doc/schooladmin/manage-session-years/index.html]
[Medhasa Edu-in.github.io/eSchool-SaaS-Doc/assets/images/33-1c3f9a9086cd07529035676dea01250f.png]
[Medhasa Edu-in.github.io/eSchool-SaaS-Doc/installation/admin-panel-installation/vps-server-setup/index.html]
[Medhasa Edu-in.github.io/eSchool-SaaS-Doc/schooladmin/category/payroll/index.html]
[Medhasa Edu-in.github.io/eSchool-SaaS-Doc/schooladmin/gallery/index.html]
[Medhasa Edu-in.github.io/eSchool-SaaS-Doc/assets/images/supervisor-43be0f4a65c2a849524dd16ec280b84a.png]
[Medhasa Edu-in.github.io/eSchool-SaaS-Doc/schooladmin/category/certificate-and-id-card/index.html]
[Medhasa Edu-in.github.io/eSchool-SaaS-Doc/schooladmin/category/staff-management/index.html]
[Medhasa Edu-in.github.io/eSchool-SaaS-Doc/assets/images/set_websocket-6ef51fe5743415587d4ee2f2c8d7b09c.png]
[Medhasa Edu-in.github.io/eSchool-SaaS-Doc/installation/admin-panel-installation/get-socket-url/index.html]
[Medhasa Edu-in.github.io/eSchool-SaaS-Doc/schooladmin/category/staff-leave/index.html]
[Medhasa Edu-in.github.io/eSchool-SaaS-Doc/schooladmin/support/index.html]
[Medhasa Edu-in.github.io/eSchool-SaaS-Doc/assets/images/set_worker-5d514a6f6b1bfe91d9bf4087d7d81e1e.png]
[Medhasa Edu-in.github.io/eSchool-SaaS-Doc/installation/admin-panel-installation/queue-setup/index.html]
[Medhasa Edu-in.github.io/eSchool-SaaS-Doc/schooladmin/category/web-settings/index.html]
[Medhasa Edu-in.github.io/eSchool-SaaS-Doc/assets/images/1-bddd6ef26257f249c6d5192bf26f817c.png]
[Medhasa Edu-in.github.io/eSchool-SaaS-Doc/schooladmin/category/system-settings/index.html]
[Medhasa Edu-in.github.io/eSchool-SaaS-Doc/assets/images/2-b975579746db1de7446d38e23fd7f738.png]
[Medhasa Edu-in.github.io/eSchool-SaaS-Doc/assets/images/3-c7a253b5a23096df8a567454409dce42.png]
[Medhasa Edu-in.github.io/eSchool-SaaS-Doc/assets/images/4-1-a6511776f3539e6d853a6bc0b36670ea.png]
[Medhasa Edu-in.github.io/eSchool-SaaS-Doc/assets/images/4-2-1e1b1bd072b14e67f341134f95aeafbe.png]
[Medhasa Edu-in.github.io/eSchool-SaaS-Doc/installation/admin-panel-setup/vps-server-setup/index.html]
[Medhasa Edu-in.github.io/eSchool-SaaS-Doc/assets/images/5-c8ac22c45550b4697b903faf49bd4cc5.png]
[Medhasa Edu-in.github.io/eSchool-SaaS-Doc/assets/images/6-3d8eb4dfe6aaf21549c98df180b31701.png]
[Medhasa Edu-in.github.io/eSchool-SaaS-Doc/assets/images/6-2-742cc2b6d570d56a86fbd839da31ccf4.png]
[Medhasa Edu-in.github.io/eSchool-SaaS-Doc/installation/admin-panel-installation/installation-steps/index.html]
[Medhasa Edu-in.github.io/eSchool-SaaS-Doc/assets/images/9-a8bcb987fc842ba88a776e16c19eca4e.png]
[Medhasa Edu-in.github.io/eSchool-SaaS-Doc/assets/images/8-0237be7a578f5330bea5c125d2457bdc.png]
[Medhasa Edu-in.github.io/eSchool-SaaS-Doc/assets/images/subscription-46fc1cc816d51f1d84898142dfabd360.png]
[Medhasa Edu-in.github.io/eSchool-SaaS-Doc/assets/images/guidance-cabd6d7db2d3cb6d40d7ad39a956de2a.png]
[Medhasa Edu-in.github.io/eSchool-SaaS-Doc/assets/images/language-336d072aec7ac1b60d8b534cccdd55a0.png]
[Medhasa Edu-in.github.io/eSchool-SaaS-Doc/assets/images/firebase-project-id-fa0b133e88a75381caf44227a4a4b14f.png]
[Medhasa Edu-in.github.io/eSchool-SaaS-Doc/assets/images/firebase-service-file-2f9c8ecfc3705bdece527a6175645f6d.png]
[Medhasa Edu-in.github.io/eSchool-SaaS-Doc/assets/images/10-74807a03a92dceb0fc3c48170badb2b9.png]
[Medhasa Edu-in.github.io/eSchool-SaaS-Doc/assets/images/email-config-e7351e56ea23453344fe580ff4c8c930.png]
[Medhasa Edu-in.github.io/eSchool-SaaS-Doc/assets/images/email-templates-58b0ba1d5915f4af60e27a526ccabb48.png]
[Medhasa Edu-in.github.io/eSchool-SaaS-Doc/assets/images/12-bf9983acc109f866273cadf4dd86f594.png]
[Medhasa Edu-in.github.io/eSchool-SaaS-Doc/assets/images/17-74ef44d63f64cc50728743a7fe687d78.jpg]
[Medhasa Edu-in.github.io/eSchool-SaaS-Doc/assets/images/18-87ef1246ef26c98db8453c36a9800483.jpg]
[Medhasa Edu-in.github.io/eSchool-SaaS-Doc/assets/images/19-0f2acb7bc1737db4433ba169b6cd3c22.jpg]
[Medhasa Edu-in.github.io/eSchool-SaaS-Doc/assets/images/20-ee52e2b3e8649dc5fc3b3b891773cfcf.jpg]
[Medhasa Edu-in.github.io/eSchool-SaaS-Doc/assets/images/google-recaptcha-b94946dd91e800b62da5db9474ed1894.png]
[Medhasa Edu-in.github.io/eSchool-SaaS-Doc/assets/images/contact-settings-738a875409e350fc5457bbb12163f3f6.png]
[Medhasa Edu-in.github.io/eSchool-SaaS-Doc/assets/images/about-us-settings-c6127650c1089c4f6346dfca73cc36b7.png]
[Medhasa Edu-in.github.io/eSchool-SaaS-Doc/assets/images/system-privacy-04c7f34c618004774d9e98c7fc78501b.png]
[Medhasa Edu-in.github.io/eSchool-SaaS-Doc/assets/images/teacher-privacy-6a9234cf56cdd55cbc4e23161e8f005f.png]
[Medhasa Edu-in.github.io/eSchool-SaaS-Doc/assets/images/student-privacy-337d1ca23b5eae1ff05398d2c9a779b4.png]
[Medhasa Edu-in.github.io/eSchool-SaaS-Doc/assets/images/general-terms-cdcdaa97c7ead06a22f51d2db5457a84.png]
[Medhasa Edu-in.github.io/eSchool-SaaS-Doc/assets/images/student-terms-605713cf7defd81d49175937a9734261.png]
[Medhasa Edu-in.github.io/eSchool-SaaS-Doc/assets/images/teacher-terms-c24ec62ca8b5154da60e2ea367527637.png]
[Medhasa Edu-in.github.io/eSchool-SaaS-Doc/assets/images/refund-terms-e712f9c6c0a1d293ff2f3789a21b4413.png]
[Medhasa Edu-in.github.io/eSchool-SaaS-Doc/assets/images/school-terms-3ea5a03ab9f935f3c7cf6ed3ea738d85.png]
[Medhasa Edu-in.github.io/eSchool-SaaS-Doc/assets/images/system-update-6b3876a2f9fc0ec2c33753955ff767cb.png]
[Medhasa Edu-in.github.io/eSchool-SaaS-Doc/assets/images/database-backup-6207c226c54450184beca636d33b7c5c.png]
[Medhasa Edu-in.github.io/eSchool-SaaS-Doc/installation/admin-panel-installation/additional-configurations/index.html]
[Medhasa Edu-in.github.io/eSchool-SaaS-Doc/assets/images/customdomain-00d0ceeb8e63283271202cfde70ec330.png]
[Medhasa Edu-in.github.io/eSchool-SaaS-Doc/assets/images/schoolDomain-763aa3e1c5b531f6aee21b6cb4f253f1.png]
[Medhasa Edu-in.github.io/eSchool-SaaS-Doc/assets/images/setdomain-e20537dedd14638d95bc63978582ace2.png]
[Medhasa Edu-in.github.io/eSchool-SaaS-Doc/installation/admin-panel-installation/setup-custom-domain/index.html]
[Medhasa Edu-in.github.io/eSchool-SaaS-Doc/assets/images/flutter_doctor-e3ed2ce8c0f6d85c1d201ec9caccd8f4-e3ed2ce8c0f6d85c1d201ec9caccd8f4.png]
[Medhasa Edu-in.github.io/eSchool-SaaS-Doc/installation/application-installation/initial-setup/index.html]
[Medhasa Edu-in.github.io/eSchool-SaaS-Doc/assets/images/changePackageName_1-731789bb917fd1bb425681868d64a2ae.png]
[Medhasa Edu-in.github.io/eSchool-SaaS-Doc/assets/images/changePackageName_2-c1f8922eacce8d8cc0786dd938de8ecf.png]
[Medhasa Edu-in.github.io/eSchool-SaaS-Doc/installation/application-installation/change-package-name/index.html]
[Medhasa Edu-in.github.io/eSchool-SaaS-Doc/assets/images/changeDatabaseUrl-d48290f4b5bbcd1e138f45896f4b4487.png]
[Medhasa Edu-in.github.io/eSchool-SaaS-Doc/installation/application-installation/integrate-with-admin-panel/index.html]
[Medhasa Edu-in.github.io/eSchool-SaaS-Doc/assets/images/firebase_1-db2f44335ac5fde492ccacf346cdef83.png]
[Medhasa Edu-in.github.io/eSchool-SaaS-Doc/assets/images/firabase_2-d53be7351e576c9fa4f18e6fb45c9f9f.jpg]
[Medhasa Edu-in.github.io/eSchool-SaaS-Doc/assets/images/firebase_3-b494bcd43ea94e28fff7bd3c20e33932.jpg]
[Medhasa Edu-in.github.io/eSchool-SaaS-Doc/assets/images/firebase_4-feb4c4aaac03dcf6e082bdba88e7afc6.png]
[Medhasa Edu-in.github.io/eSchool-SaaS-Doc/assets/images/firebaseCLi-64175778f76a2743c566d43b18fb2c6b.gif]
[Medhasa Edu-in.github.io/eSchool-SaaS-Doc/installation/application-installation/integrate-with-firebase/index.html]
[Medhasa Edu-in.github.io/eSchool-SaaS-Doc/assets/images/Splash Screen-266b22a1061736fbb5fe259fbd86b25c.png]
[Medhasa Edu-in.github.io/eSchool-SaaS-Doc/assets/images/Splash Screen 2-bf0f4f363cf5b359a19d4c56ac46fa03.jpg]
[Medhasa Edu-in.github.io/eSchool-SaaS-Doc/assets/images/main_onbording-499ba81aded513efe85b2b719eaa608d.jpg]
[Medhasa Edu-in.github.io/eSchool-SaaS-Doc/assets/images/onbording2-e53ae941c474680790cb838060f58bdb.png]
[Medhasa Edu-in.github.io/eSchool-SaaS-Doc/assets/images/onbording-7cd6d2913e848012ed555e155938aa21.png]
[Medhasa Edu-in.github.io/eSchool-SaaS-Doc/assets/images/changeicon_1-60ad2476799eff286a54761877395482.png]
[Medhasa Edu-in.github.io/eSchool-SaaS-Doc/assets/images/changeicon_2-06a8ab437b66c6238b85ac796d43b3fe.png]
[Medhasa Edu-in.github.io/eSchool-SaaS-Doc/assets/images/changeicon_3-ce593b23f9381f2545f3fff116fbf195.png]
[Medhasa Edu-in.github.io/eSchool-SaaS-Doc/installation/application-installation/change-app-logo/index.html]
[Medhasa Edu-in.github.io/eSchool-SaaS-Doc/assets/images/change_name-b9ba3416088f0fb5d7a7929f01fd4dcd.png]
[Medhasa Edu-in.github.io/eSchool-SaaS-Doc/assets/images/change_name2-6ead0f349263691db2e96a47151583b6.png]
[Medhasa Edu-in.github.io/eSchool-SaaS-Doc/installation/application-installation/change-app-name/index.html]
[Medhasa Edu-in.github.io/eSchool-SaaS-Doc/assets/images/commandList-387e40d3f9f2364d873c7c7d9130fbea.png]
[Medhasa Edu-in.github.io/eSchool-SaaS-Doc/installation/application-installation/run-this-app/index.html]
[Medhasa Edu-in.github.io/eSchool-SaaS-Doc/assets/images/chaneAppTheme-b751202f44157a2037771983d1fabab6.png]
[Medhasa Edu-in.github.io/eSchool-SaaS-Doc/installation/application-installation/change-app-theme/index.html]
[Medhasa Edu-in.github.io/eSchool-SaaS-Doc/assets/images/change_Font-ac9c66ff20f910e32a1654756c0892ea.png]
[Medhasa Edu-in.github.io/eSchool-SaaS-Doc/assets/images/change_Font1-09effe585e9a1182eb4c4a6da1c7a3b0.png]
[Medhasa Edu-in.github.io/eSchool-SaaS-Doc/installation/application-installation/change-font/index.html]
[Medhasa Edu-in.github.io/eSchool-SaaS-Doc/assets/images/changeDefaultLanguage-091e292f5dde7fa137d2de247ec3be76.png]
[Medhasa Edu-in.github.io/eSchool-SaaS-Doc/assets/images/addLanguage-f570e97f534efc93043ef757fa28251b.png]
[Medhasa Edu-in.github.io/eSchool-SaaS-Doc/assets/images/addNewLanguage-84b35416182d95d111f18eee4bf3c992.jpg]
[Medhasa Edu-in.github.io/eSchool-SaaS-Doc/assets/images/addNewLanguage2-73fd62823a2fb42253db00250ecde734.jpg]
[Medhasa Edu-in.github.io/eSchool-SaaS-Doc/installation/application-installation/change-language/index.html]
[Medhasa Edu-in.github.io/eSchool-SaaS-Doc/assets/images/generatKeyStorefile-2be728dc0e4953dc580ac070fec88289.png]
[Medhasa Edu-in.github.io/eSchool-SaaS-Doc/installation/application-installation/generate-release-version/index.html]
[Medhasa Edu-in.github.io/eSchool-SaaS-Doc/installation/application-installation/version-compatibility/index.html]
[Medhasa Edu-in.github.io/eSchool-SaaS-Doc/assets/images/school_admin_add_attendance-0f6d30056464a86c27a7937f86fc330f.gif]
[Medhasa Edu-in.github.io/eSchool-SaaS-Doc/assets/images/monthly attendece show-9f67c868201384e23eb7e4436c91b69a.png]
[Medhasa Edu-in.github.io/eSchool-SaaS-Doc/assets/images/staffApp_SchoolAdminAdd_Attendance-3b1b4e1b9eecbb165a29164224f47939.gif]
[Medhasa Edu-in.github.io/eSchool-SaaS-Doc/assets/images/teacher_show_own_attendance-9173b2829850288d7d2aac6708271049.gif]
[Medhasa Edu-in.github.io/eSchool-SaaS-Doc/newfeatures/staff-attendance/index.html]
[Medhasa Edu-in.github.io/eSchool-SaaS-Doc/assets/images/diaryCategory-b7c027c9876c0376a752e23799776637.gif]
[Medhasa Edu-in.github.io/eSchool-SaaS-Doc/assets/images/diaryCreate-4845adaa345fcf720af44d95e94a9375.gif]
[Medhasa Edu-in.github.io/eSchool-SaaS-Doc/assets/images/duary show-cedd9446eed4e85609f96751c6a1cbaf.gif]
[Medhasa Edu-in.github.io/eSchool-SaaS-Doc/newfeatures/student-diary/index.html]
[Medhasa Edu-in.github.io/eSchool-SaaS-Doc/assets/images/admin_feature-235eed8800f1a04b09d92f7ae5df2ce9.png]
[Medhasa Edu-in.github.io/eSchool-SaaS-Doc/assets/images/vehical_create-b04de02c742528758ba3296898d56a5d.gif]
[Medhasa Edu-in.github.io/eSchool-SaaS-Doc/assets/images/Manage Pickup Points-995a1c24ffae503b8f44e2ad44df047b.gif]
[Medhasa Edu-in.github.io/eSchool-SaaS-Doc/assets/images/Manage Routes-835f47676ff45cc104d950beb44526b8.gif]
[Medhasa Edu-in.github.io/eSchool-SaaS-Doc/assets/images/CreateRouteVehicles-d301f3441a1ebfff408818fbe4df13ce.gif]
[Medhasa Edu-in.github.io/eSchool-SaaS-Doc/assets/images/DriverMAnage-66df11997428a82f0f014407c344b872.gif]
[Medhasa Edu-in.github.io/eSchool-SaaS-Doc/assets/images/transportrequeast-8e06915ae4393bec853ce18d1e4bba81.gif]
[Medhasa Edu-in.github.io/eSchool-SaaS-Doc/assets/images/Transportation Expense-70f5c4f8aae59bd48002f4856efd80df.gif]
[Medhasa Edu-in.github.io/eSchool-SaaS-Doc/assets/images/driver_transport-b5727937e966f7b742455a7333235e10.gif]
[Medhasa Edu-in.github.io/eSchool-SaaS-Doc/assets/images/teacher_app_transport-dcf52d270b936c050950b74455269fd1.gif]
[Medhasa Edu-in.github.io/eSchool-SaaS-Doc/assets/images/student_parentTransport-9ceaee011c2424e8db9b4fe513677ffc.gif]
[Medhasa Edu-in.github.io/eSchool-SaaS-Doc/newfeatures/transportation-module/index.html]
[Medhasa Edu-in.github.io/eSchool-SaaS-Doc/superadmin/features/index.html]
[Medhasa Edu-in.github.io/eSchool-SaaS-Doc/assets/images/profile-b213e6c9fca9817948ab55a784777c1e.png]
[Medhasa Edu-in.github.io/eSchool-SaaS-Doc/superadmin/authentication/index.html]
[Medhasa Edu-in.github.io/eSchool-SaaS-Doc/assets/images/dashboard-a58483256f4c693185017c6fea779827.png]
[Medhasa Edu-in.github.io/eSchool-SaaS-Doc/superadmin/dashboard/index.html]
[Medhasa Edu-in.github.io/eSchool-SaaS-Doc/assets/images/create-school-58a69d032e2d60c470a7368f5f4dddad.png]
[Medhasa Edu-in.github.io/eSchool-SaaS-Doc/superadmin/schools/index.html]
[Medhasa Edu-in.github.io/eSchool-SaaS-Doc/assets/images/create-prepaid-package-0d7af0cf1ac1d7d4bd60dcbc0f2edb58.png]
[Medhasa Edu-in.github.io/eSchool-SaaS-Doc/assets/images/create-postpaid-package-06ecd4516733aaef868895f7a3ae5997.png]
[Medhasa Edu-in.github.io/eSchool-SaaS-Doc/assets/images/list-packages-9c5c86bd8a332183981b0fe2807166e7.png]
[Medhasa Edu-in.github.io/eSchool-SaaS-Doc/assets/images/edit-package-a50bef8145dac05d34bf06226bcfa3a5.png]
[Medhasa Edu-in.github.io/eSchool-SaaS-Doc/superadmin/packages/index.html]
[Medhasa Edu-in.github.io/eSchool-SaaS-Doc/assets/images/create-addon-e7df4cd73ec35f5379bb7acb80da0265.png]
[Medhasa Edu-in.github.io/eSchool-SaaS-Doc/assets/images/list-addons-6491dec5b5ba8b26cf24fd853fab3170.png]
[Medhasa Edu-in.github.io/eSchool-SaaS-Doc/superadmin/addons/index.html]
[Medhasa Edu-in.github.io/eSchool-SaaS-Doc/assets/images/subscription-3560d1fe4cc19b852c269dc467903782.png]
[Medhasa Edu-in.github.io/eSchool-SaaS-Doc/assets/images/change-due-date-8bd1a8248d3fc9ca1d5f517eec26cbcb.png]
[Medhasa Edu-in.github.io/eSchool-SaaS-Doc/assets/images/update-current-subscription-93b9b6890e75f4bca818c9f52c52ad0a.png]
[Medhasa Edu-in.github.io/eSchool-SaaS-Doc/assets/images/generate-bill-87a1d4ff67c05eaf74bb077b7205a519.png]
[Medhasa Edu-in.github.io/eSchool-SaaS-Doc/assets/images/offline-payment-subscription-11cba87126a208bce252c175bae55190.png]
[Medhasa Edu-in.github.io/eSchool-SaaS-Doc/superadmin/subscription/index.html]
[Medhasa Edu-in.github.io/eSchool-SaaS-Doc/assets/images/subscription-transaction-9524eaf86ef209f2c60abe4cf737293d.png]
[Medhasa Edu-in.github.io/eSchool-SaaS-Doc/superadmin/subscription-transaction/index.html]
[Medhasa Edu-in.github.io/eSchool-SaaS-Doc/superadmin/category/staff-management/index.html]
[Medhasa Edu-in.github.io/eSchool-SaaS-Doc/superadmin/staff-management/role-permission/index.html]
[Medhasa Edu-in.github.io/eSchool-SaaS-Doc/assets/images/email-schools-76e0ded65b6ceb33de741d53d8e86d6a.png]
[Medhasa Edu-in.github.io/eSchool-SaaS-Doc/superadmin/email-schools/index.html]
[Medhasa Edu-in.github.io/eSchool-SaaS-Doc/superadmin/category/web-settings/index.html]
[Medhasa Edu-in.github.io/eSchool-SaaS-Doc/superadmin/category/system-settings/index.html]
[Medhasa Edu-in.github.io/eSchool-SaaS-Doc/superadmin/staff-management/staff/index.html]
[Medhasa Edu-in.github.io/eSchool-SaaS-Doc/superadmin/web-settings/feature-sections/index.html]
[Medhasa Edu-in.github.io/eSchool-SaaS-Doc/superadmin/web-settings/general-settings/index.html]
[Medhasa Edu-in.github.io/eSchool-SaaS-Doc/superadmin/web-settings/faqs/index.html]
[Medhasa Edu-in.github.io/eSchool-SaaS-Doc/assets/images/school-login-signup-7a6e96bf833188dc681d69fb1b6a50ac.png]
[Medhasa Edu-in.github.io/eSchool-SaaS-Doc/superadmin/system-settings/app-settings/index.html]
[Medhasa Edu-in.github.io/eSchool-SaaS-Doc/superadmin/system-settings/general-settings/index.html]
[Medhasa Edu-in.github.io/eSchool-SaaS-Doc/assets/images/school-registration-1fdfd7342affe0085d492c2a281dfd5e.png]
[Medhasa Edu-in.github.io/eSchool-SaaS-Doc/superadmin/system-settings/subscription-settings/index.html]
[Medhasa Edu-in.github.io/eSchool-SaaS-Doc/assets/images/school-login-48548be10e90801199a66493cbd2e316.png]
[Medhasa Edu-in.github.io/eSchool-SaaS-Doc/schooladmin/authentication/index.html]
[Medhasa Edu-in.github.io/eSchool-SaaS-Doc/superadmin/system-settings/front-site-settings/index.html]
[Medhasa Edu-in.github.io/eSchool-SaaS-Doc/superadmin/system-settings/notification-settings/index.html]
[Medhasa Edu-in.github.io/eSchool-SaaS-Doc/superadmin/system-settings/language-settings/index.html]
[Medhasa Edu-in.github.io/eSchool-SaaS-Doc/superadmin/system-settings/email-config/index.html]
[Medhasa Edu-in.github.io/eSchool-SaaS-Doc/assets/images/free-trial-612362abe7c34cd02cb068c8fd9fe0bb.png]
[Medhasa Edu-in.github.io/eSchool-SaaS-Doc/schooladmin/subscription/index.html]
[Medhasa Edu-in.github.io/eSchool-SaaS-Doc/superadmin/system-settings/email-template/index.html]
[Medhasa Edu-in.github.io/eSchool-SaaS-Doc/superadmin/system-settings/payment-settings/index.html]
[Medhasa Edu-in.github.io/eSchool-SaaS-Doc/superadmin/system-settings/third-party-api/index.html]
[Medhasa Edu-in.github.io/eSchool-SaaS-Doc/superadmin/system-settings/guidance/index.html]
[Medhasa Edu-in.github.io/eSchool-SaaS-Doc/superadmin/system-settings/policy-pages/index.html]
[Medhasa Edu-in.github.io/eSchool-SaaS-Doc/assets/images/dashboard-9437a3a667fbc9a4e22a691e757d27e7.png]
[Medhasa Edu-in.github.io/eSchool-SaaS-Doc/schooladmin/dashboard/index.html]
[Medhasa Edu-in.github.io/eSchool-SaaS-Doc/schooladmin/category/academics/index.html]
[Medhasa Edu-in.github.io/eSchool-SaaS-Doc/schooladmin/category/students/index.html]
[Medhasa Edu-in.github.io/eSchool-SaaS-Doc/schooladmin/academics/medium/index.html]
[Medhasa Edu-in.github.io/eSchool-SaaS-Doc/schooladmin/academics/section/index.html]
[Medhasa Edu-in.github.io/eSchool-SaaS-Doc/schooladmin/academics/subject/index.html]
[Medhasa Edu-in.github.io/eSchool-SaaS-Doc/schooladmin/category/teachers/index.html]
[Medhasa Edu-in.github.io/eSchool-SaaS-Doc/schooladmin/academics/semester/index.html]
[Medhasa Edu-in.github.io/eSchool-SaaS-Doc/schooladmin/academics/stream/index.html]
[Medhasa Edu-in.github.io/eSchool-SaaS-Doc/schooladmin/academics/shift/index.html]
[Medhasa Edu-in.github.io/eSchool-SaaS-Doc/schooladmin/academics/class/index.html]
[Medhasa Edu-in.github.io/eSchool-SaaS-Doc/schooladmin/academics/class-subject/index.html]
[Medhasa Edu-in.github.io/eSchool-SaaS-Doc/schooladmin/academics/class-section-teachers/index.html]
[Medhasa Edu-in.github.io/eSchool-SaaS-Doc/schooladmin/category/timetable/index.html]
[Medhasa Edu-in.github.io/eSchool-SaaS-Doc/schooladmin/academics/transfer-promote-students/index.html]
[Medhasa Edu-in.github.io/eSchool-SaaS-Doc/schooladmin/academics/assign-roll-number/index.html]
[Medhasa Edu-in.github.io/eSchool-SaaS-Doc/schooladmin/students/admission-form-fields/index.html]
[Medhasa Edu-in.github.io/eSchool-SaaS-Doc/schooladmin/students/students-admission/index.html]
[Medhasa Edu-in.github.io/eSchool-SaaS-Doc/schooladmin/students/admission-inquiries/index.html]
[Medhasa Edu-in.github.io/eSchool-SaaS-Doc/schooladmin/students/student-details/index.html]
[Medhasa Edu-in.github.io/eSchool-SaaS-Doc/schooladmin/students/students-reset-password/index.html]
[Medhasa Edu-in.github.io/eSchool-SaaS-Doc/schooladmin/students/add-bulk-data/index.html]
[Medhasa Edu-in.github.io/eSchool-SaaS-Doc/schooladmin/teachers/bulk-upload-teachers/index.html]
[Medhasa Edu-in.github.io/eSchool-SaaS-Doc/schooladmin/students/upload-profile-images/index.html]
[Medhasa Edu-in.github.io/eSchool-SaaS-Doc/schooladmin/students/guardian/index.html]
[Medhasa Edu-in.github.io/eSchool-SaaS-Doc/schooladmin/teachers/manage-teachers/index.html]
[Medhasa Edu-in.github.io/eSchool-SaaS-Doc/assets/images/create-holiday-52ec100ab02e40d876c3e4a9e91be315.png]
[Medhasa Edu-in.github.io/eSchool-SaaS-Doc/schooladmin/timetable/create-timetable/index.html]
[Medhasa Edu-in.github.io/eSchool-SaaS-Doc/schooladmin/timetable/teacher-timetable/index.html]
[Medhasa Edu-in.github.io/eSchool-SaaS-Doc/assets/images/list-holidays-dbef619a517ca2f82ebcc24ef42d978c.png]
[Medhasa Edu-in.github.io/eSchool-SaaS-Doc/schooladmin/holiday-list/index.html]
[Medhasa Edu-in.github.io/eSchool-SaaS-Doc/assets/images/student-assignment-submission-34fbd401e34e33eb6e64908409a4f8bd.png]
[Medhasa Edu-in.github.io/eSchool-SaaS-Doc/schooladmin/student-assignment/index.html]
[Medhasa Edu-in.github.io/eSchool-SaaS-Doc/assets/images/sliders-d9f63b6b36046f51bce329d9a9f97cbb.png]
[Medhasa Edu-in.github.io/eSchool-SaaS-Doc/schooladmin/sliders/index.html]
[Medhasa Edu-in.github.io/eSchool-SaaS-Doc/assets/images/notification-80bd87086de87f5b0f9dedb2ea481f94.png]
[Medhasa Edu-in.github.io/eSchool-SaaS-Doc/schooladmin/notification/index.html]
[Medhasa Edu-in.github.io/eSchool-SaaS-Doc/schooladmin/category/attendance/index.html]
[Medhasa Edu-in.github.io/eSchool-SaaS-Doc/schooladmin/attendance/student-attendance/index.html]
[Medhasa Edu-in.github.io/eSchool-SaaS-Doc/assets/images/announcement-84a397fdededeb58d8d350452dcf6827.png]
[Medhasa Edu-in.github.io/eSchool-SaaS-Doc/schooladmin/announcement/index.html]
[Medhasa Edu-in.github.io/eSchool-SaaS-Doc/schooladmin/category/offline-exam/index.html]
[Medhasa Edu-in.github.io/eSchool-SaaS-Doc/schooladmin/category/online-exam/index.html]
[Medhasa Edu-in.github.io/eSchool-SaaS-Doc/schooladmin/attendance/month-wise-attendance/index.html]
[Medhasa Edu-in.github.io/eSchool-SaaS-Doc/schooladmin/category/fees/index.html]
[Medhasa Edu-in.github.io/eSchool-SaaS-Doc/schooladmin/offline-exam/manage-offline-exam/index.html]
[Medhasa Edu-in.github.io/eSchool-SaaS-Doc/schooladmin/category/expense/index.html]
[Medhasa Edu-in.github.io/eSchool-SaaS-Doc/schooladmin/offline-exam/offline-exam-result/index.html]
[Medhasa Edu-in.github.io/eSchool-SaaS-Doc/schooladmin/category/-student-diary-new/index.html]
[Medhasa Edu-in.github.io/eSchool-SaaS-Doc/schooladmin/offline-exam/exam-grade/index.html]
[Medhasa Edu-in.github.io/eSchool-SaaS-Doc/schooladmin/online-exam/manage-online-exam/index.html]
[Medhasa Edu-in.github.io/eSchool-SaaS-Doc/schooladmin/category/-transportation-new/index.html]
[Medhasa Edu-in.github.io/eSchool-SaaS-Doc/schooladmin/online-exam/manage-questions/index.html]
[Medhasa Edu-in.github.io/eSchool-SaaS-Doc/schooladmin/category/-staff-attendance-new/index.html]
[Medhasa Edu-in.github.io/eSchool-SaaS-Doc/schooladmin/fees/fees-type/index.html]
[Medhasa Edu-in.github.io/eSchool-SaaS-Doc/schooladmin/fees/manage-fees/index.html]
[Medhasa Edu-in.github.io/eSchool-SaaS-Doc/schooladmin/fees/fee-paid/index.html]
[Medhasa Edu-in.github.io/eSchool-SaaS-Doc/assets/images/create-session-year-c1251e787ba09a5b12ecb932bb46232c.png]
[Medhasa Edu-in.github.io/eSchool-SaaS-Doc/schooladmin/fees/fee-transaction-logs/index.html]
[Medhasa Edu-in.github.io/eSchool-SaaS-Doc/schooladmin/expense/manage-expense-category/index.html]
[Medhasa Edu-in.github.io/eSchool-SaaS-Doc/assets/images/list-session-years-f7e7958bc24654714307a866a1973117.png]
[Medhasa Edu-in.github.io/eSchool-SaaS-Doc/schooladmin/manage-session-years/index.html]
[Medhasa Edu-in.github.io/eSchool-SaaS-Doc/schooladmin/expense/manage-expense/index.html]
[Medhasa Edu-in.github.io/eSchool-SaaS-Doc/schooladmin/category/payroll/index.html]
[Medhasa Edu-in.github.io/eSchool-SaaS-Doc/schooladmin/student-diary/index.html]
[Medhasa Edu-in.github.io/eSchool-SaaS-Doc/schooladmin/transportation/transportation-module/index.html]
[Medhasa Edu-in.github.io/eSchool-SaaS-Doc/schooladmin/staff-attendance/index.html]
[Medhasa Edu-in.github.io/eSchool-SaaS-Doc/schooladmin/payroll/index.html]
[Medhasa Edu-in.github.io/eSchool-SaaS-Doc/schooladmin/payroll/payroll-settings/index.html]
[Medhasa Edu-in.github.io/eSchool-SaaS-Doc/assets/images/create-gallery-401f0b01056e3ca7e80dad147bbdec57.png]
[Medhasa Edu-in.github.io/eSchool-SaaS-Doc/assets/images/list-gallery-1383dd0eab6f66133073cc785a29bc26.png]
[Medhasa Edu-in.github.io/eSchool-SaaS-Doc/schooladmin/gallery/index.html]
[Medhasa Edu-in.github.io/eSchool-SaaS-Doc/schooladmin/category/certificate-and-id-card/index.html]
[Medhasa Edu-in.github.io/eSchool-SaaS-Doc/schooladmin/category/staff-management/index.html]
[Medhasa Edu-in.github.io/eSchool-SaaS-Doc/schooladmin/certificate-idcard/student-certificate/index.html]
[Medhasa Edu-in.github.io/eSchool-SaaS-Doc/schooladmin/certificate-idcard/staff-certificate/index.html]
[Medhasa Edu-in.github.io/eSchool-SaaS-Doc/schooladmin/certificate-idcard/template/index.html]
[Medhasa Edu-in.github.io/eSchool-SaaS-Doc/schooladmin/category/staff-leave/index.html]
[Medhasa Edu-in.github.io/eSchool-SaaS-Doc/schooladmin/certificate-idcard/student-id-card/index.html]
[Medhasa Edu-in.github.io/eSchool-SaaS-Doc/schooladmin/certificate-idcard/staff-id-card/index.html]
[Medhasa Edu-in.github.io/eSchool-SaaS-Doc/schooladmin/certificate-idcard/id-card-settings/index.html]
[Medhasa Edu-in.github.io/eSchool-SaaS-Doc/schooladmin/staff-management/role-permission/index.html]
[Medhasa Edu-in.github.io/eSchool-SaaS-Doc/schooladmin/staff-management/staff/index.html]
[Medhasa Edu-in.github.io/eSchool-SaaS-Doc/schooladmin/staff-management/bulk-upload-staffs/index.html]
[Medhasa Edu-in.github.io/eSchool-SaaS-Doc/assets/images/support-b37c669d71c32c09c45afb7e80ca59c9.png]
[Medhasa Edu-in.github.io/eSchool-SaaS-Doc/schooladmin/support/index.html]
[Medhasa Edu-in.github.io/eSchool-SaaS-Doc/schooladmin/staff-leave/index.html]
[Medhasa Edu-in.github.io/eSchool-SaaS-Doc/schooladmin/category/web-settings/index.html]
[Medhasa Edu-in.github.io/eSchool-SaaS-Doc/schooladmin/category/system-settings/index.html]
[Medhasa Edu-in.github.io/eSchool-SaaS-Doc/schooladmin/staff-leave/leave-report/index.html]
[Medhasa Edu-in.github.io/eSchool-SaaS-Doc/installation/admin-panel-setup/vps-server-setup/index.html]
[Medhasa Edu-in.github.io/eSchool-SaaS-Doc/schooladmin/web-settings/faqs/index.html]
[Medhasa Edu-in.github.io/eSchool-SaaS-Doc/schooladmin/web-settings/content/index.html]
[Medhasa Edu-in.github.io/eSchool-SaaS-Doc/schooladmin/system-settings/general-settings/index.html]
[Medhasa Edu-in.github.io/eSchool-SaaS-Doc/schooladmin/system-settings/leave-settings/index.html]
[Medhasa Edu-in.github.io/eSchool-SaaS-Doc/assets/images/create-role-permission-9d636d566af6db16272898671409d6f3.png]
[Medhasa Edu-in.github.io/eSchool-SaaS-Doc/schooladmin/system-settings/online-exam-terms-condition/index.html]
[Medhasa Edu-in.github.io/eSchool-SaaS-Doc/schooladmin/system-settings/email-template/index.html]
[Medhasa Edu-in.github.io/eSchool-SaaS-Doc/assets/images/list-roles-31790aff46c3b85b8f976b0166d24026.png]
[Medhasa Edu-in.github.io/eSchool-SaaS-Doc/superadmin/staff-management/role-permission/index.html]
[Medhasa Edu-in.github.io/eSchool-SaaS-Doc/schooladmin/system-settings/payment-settings/index.html]
[Medhasa Edu-in.github.io/eSchool-SaaS-Doc/schooladmin/system-settings/terms-and-conditions/index.html]
[Medhasa Edu-in.github.io/eSchool-SaaS-Doc/schooladmin/system-settings/third-party-api/index.html]
[Medhasa Edu-in.github.io/eSchool-SaaS-Doc/schooladmin/system-settings/privacy-policy/index.html]
[Medhasa Edu-in.github.io/eSchool-SaaS-Doc/schooladmin/system-settings/refund-cancellation/index.html]
[Medhasa Edu-in.github.io/eSchool-SaaS-Doc/assets/images/create-staff-25b03f3e76529391c6d659e74c361e44.png]
[Medhasa Edu-in.github.io/eSchool-SaaS-Doc/assets/images/list-staff-9e27d3faad8be5aacc08946f8a938eff.png]
[Medhasa Edu-in.github.io/eSchool-SaaS-Doc/superadmin/staff-management/staff/index.html]
[Medhasa Edu-in.github.io/eSchool-SaaS-Doc/assets/images/web-general-settings-1-8394f4b6fea8a4d8153d6d3fb0d1d3ba.png]
[Medhasa Edu-in.github.io/eSchool-SaaS-Doc/assets/images/web-general-settings-2-54f9fa2b935cd00132fe3932b52321d9.png]
[Medhasa Edu-in.github.io/eSchool-SaaS-Doc/assets/images/web-general-settings-3-e4947079dce1a5a7dd9509e2a823e669.png]
[Medhasa Edu-in.github.io/eSchool-SaaS-Doc/assets/images/web-general-settings-4-833f5454870fdf67914f941e82221ebe.png]
[Medhasa Edu-in.github.io/eSchool-SaaS-Doc/superadmin/web-settings/general-settings/index.html]
[Medhasa Edu-in.github.io/eSchool-SaaS-Doc/assets/images/create-web-settings-feature-section-d5ffb70990db70d8dcf7f049aa758ee6.png]
[Medhasa Edu-in.github.io/eSchool-SaaS-Doc/assets/images/list-web-settings-feature-section-ac5f22d85168011503f812a300db090a.png]
[Medhasa Edu-in.github.io/eSchool-SaaS-Doc/superadmin/web-settings/feature-sections/index.html]
[Medhasa Edu-in.github.io/eSchool-SaaS-Doc/assets/images/manage-faqs-7f28943005762d83de8a7f5a098061c2.png]
[Medhasa Edu-in.github.io/eSchool-SaaS-Doc/superadmin/web-settings/faqs/index.html]
[Medhasa Edu-in.github.io/eSchool-SaaS-Doc/assets/images/app-settings-d01c4e6bd82eb69c45d68154da1ae031.png]
[Medhasa Edu-in.github.io/eSchool-SaaS-Doc/superadmin/system-settings/app-settings/index.html]
[Medhasa Edu-in.github.io/eSchool-SaaS-Doc/assets/images/system-settings-9f9093616fb9a2bb8bc9ff3d3a30589b.png]
[Medhasa Edu-in.github.io/eSchool-SaaS-Doc/assets/images/currency-settings-8e667c1f144e68dbadea6b44dcebd4f6.png]
[Medhasa Edu-in.github.io/eSchool-SaaS-Doc/superadmin/system-settings/general-settings/index.html]
[Medhasa Edu-in.github.io/eSchool-SaaS-Doc/assets/images/subscription-settings-946297770c7a721dcba42d42fb2e1286.png]
[Medhasa Edu-in.github.io/eSchool-SaaS-Doc/assets/images/free-trial-subscription-settings-f5954624b29af1ee34e6c54fe4f4b9ee.png]
[Medhasa Edu-in.github.io/eSchool-SaaS-Doc/superadmin/system-settings/subscription-settings/index.html]
[Medhasa Edu-in.github.io/eSchool-SaaS-Doc/assets/images/theme-settings-3b43d7060a1cf4164e66fc69410d388b.png]
[Medhasa Edu-in.github.io/eSchool-SaaS-Doc/assets/images/footer-settings-f4499755c8a8abd8c10b9198bd74c6d5.png]
[Medhasa Edu-in.github.io/eSchool-SaaS-Doc/superadmin/system-settings/front-site-settings/index.html]
[Medhasa Edu-in.github.io/eSchool-SaaS-Doc/assets/images/create-language-6513e64f8cf40c88b4d3006166e28d85.png]
[Medhasa Edu-in.github.io/eSchool-SaaS-Doc/assets/images/list-languages-0e4ca39c2d1651dce48a234f871e0fe7.png]
[Medhasa Edu-in.github.io/eSchool-SaaS-Doc/superadmin/system-settings/language-settings/index.html]
[Medhasa Edu-in.github.io/eSchool-SaaS-Doc/assets/images/notification-settings-95f0ef27685fcfdba439ae9937e5c4d0.png]
[Medhasa Edu-in.github.io/eSchool-SaaS-Doc/assets/images/firebase-project-id-671dbb623737681c1a4643322136db15.png]
[Medhasa Edu-in.github.io/eSchool-SaaS-Doc/assets/images/firebase-generate-key-9cbda262e474e10f1e2a688fb4fd64a5.png]
[Medhasa Edu-in.github.io/eSchool-SaaS-Doc/superadmin/system-settings/notification-settings/index.html]
[Medhasa Edu-in.github.io/eSchool-SaaS-Doc/assets/images/email-configuration-bf0c9d568d9a6e1d46649c0c4edd776d.png]
[Medhasa Edu-in.github.io/eSchool-SaaS-Doc/superadmin/system-settings/email-config/index.html]
[Medhasa Edu-in.github.io/eSchool-SaaS-Doc/assets/images/email-template-d0200a391d1860faae8961eaa326ea48.png]
[Medhasa Edu-in.github.io/eSchool-SaaS-Doc/superadmin/system-settings/email-template/index.html]
[Medhasa Edu-in.github.io/eSchool-SaaS-Doc/assets/images/payment-configuration-bcc893bed0986d47fbb3284fd8074757.png]
[Medhasa Edu-in.github.io/eSchool-SaaS-Doc/superadmin/system-settings/payment-settings/index.html]
[Medhasa Edu-in.github.io/eSchool-SaaS-Doc/assets/images/third-party-apis-6f26ba2ea86509da9f2f471db0e0ad06.png]
[Medhasa Edu-in.github.io/eSchool-SaaS-Doc/superadmin/system-settings/third-party-api/index.html]
[Medhasa Edu-in.github.io/eSchool-SaaS-Doc/assets/images/guidance-924fbf9c3202b3c25f2f0b36948604ad.png]
[Medhasa Edu-in.github.io/eSchool-SaaS-Doc/assets/images/guidance-front-site-d6c6492aaefd69c709c5044a53e29cb2.png]
[Medhasa Edu-in.github.io/eSchool-SaaS-Doc/superadmin/system-settings/guidance/index.html]
[Medhasa Edu-in.github.io/eSchool-SaaS-Doc/assets/images/privacy-policy-70f1f9932db611ae328bc60fd8d66868.png]
[Medhasa Edu-in.github.io/eSchool-SaaS-Doc/assets/images/contact-us-369960fcd0d27f7201ac558e2cfc3da3.png]
[Medhasa Edu-in.github.io/eSchool-SaaS-Doc/assets/images/about-us-531a13141d67ebaa6a4c9f3d461c5e2e.png]
[Medhasa Edu-in.github.io/eSchool-SaaS-Doc/assets/images/terms-and-conditions-df6b740a1c81f31e248b0cb6545e22de.png]
[Medhasa Edu-in.github.io/eSchool-SaaS-Doc/assets/images/refund-cancellation-933947458ab3b78b058e8ffc50f4671d.png]
[Medhasa Edu-in.github.io/eSchool-SaaS-Doc/assets/images/school-terms-and-condition-dc473418d8a868c71ca34dc004a045f8.png]
[Medhasa Edu-in.github.io/eSchool-SaaS-Doc/superadmin/system-settings/policy-pages/index.html]
[Medhasa Edu-in.github.io/eSchool-SaaS-Doc/assets/images/medium-c2e2ade47852eda47649c6a2efd1a25b.png]
[Medhasa Edu-in.github.io/eSchool-SaaS-Doc/schooladmin/academics/medium/index.html]
[Medhasa Edu-in.github.io/eSchool-SaaS-Doc/assets/images/section-7d04e954ddb8ebf588c09200d7fb3f6f.png]
[Medhasa Edu-in.github.io/eSchool-SaaS-Doc/schooladmin/academics/section/index.html]
[Medhasa Edu-in.github.io/eSchool-SaaS-Doc/assets/images/create-subject-5ba59389a331e1d8cfa24d2c947a0307.png]
[Medhasa Edu-in.github.io/eSchool-SaaS-Doc/assets/images/list-subject-c6ffe44c6d07636420fcbc0a774d0924.png]
[Medhasa Edu-in.github.io/eSchool-SaaS-Doc/schooladmin/academics/subject/index.html]
[Medhasa Edu-in.github.io/eSchool-SaaS-Doc/assets/images/semester-ab2cf7262c6f58bb7b5a886b7ea80894.png]
[Medhasa Edu-in.github.io/eSchool-SaaS-Doc/schooladmin/academics/semester/index.html]
[Medhasa Edu-in.github.io/eSchool-SaaS-Doc/assets/images/streams-85f240d93b5e6db0fee8841640e22f1c.png]
[Medhasa Edu-in.github.io/eSchool-SaaS-Doc/schooladmin/academics/stream/index.html]
[Medhasa Edu-in.github.io/eSchool-SaaS-Doc/assets/images/school-shift-15269c65bb50c6e4bd8c402bdc30529c.png]
[Medhasa Edu-in.github.io/eSchool-SaaS-Doc/schooladmin/academics/shift/index.html]
[Medhasa Edu-in.github.io/eSchool-SaaS-Doc/assets/images/create-class-19707c44bfd476c8ddf51196cafa7b40.png]
[Medhasa Edu-in.github.io/eSchool-SaaS-Doc/assets/images/list-class-efea604c84bb7566cda957ca1722dfd8.png]
[Medhasa Edu-in.github.io/eSchool-SaaS-Doc/assets/images/edit-class-3de4e2e58094e87feae66102f89b0ecc.png]
[Medhasa Edu-in.github.io/eSchool-SaaS-Doc/schooladmin/academics/class/index.html]
[Medhasa Edu-in.github.io/eSchool-SaaS-Doc/assets/images/list-class-subjects-a15e86c8e18d55e65221ebec23100a18.png]
[Medhasa Edu-in.github.io/eSchool-SaaS-Doc/assets/images/assign-class-subject-2e449afe4566e2efe6a6493de881de18.png]
[Medhasa Edu-in.github.io/eSchool-SaaS-Doc/schooladmin/academics/class-subject/index.html]
[Medhasa Edu-in.github.io/eSchool-SaaS-Doc/assets/images/assign-class-section-teachers-8efdf75490450c8447bef718f845f156.png]
[Medhasa Edu-in.github.io/eSchool-SaaS-Doc/schooladmin/academics/class-section-teachers/index.html]
[Medhasa Edu-in.github.io/eSchool-SaaS-Doc/assets/images/transfer-students-b1e87c8b3e3ad887ca96be6498f30574.png]
[Medhasa Edu-in.github.io/eSchool-SaaS-Doc/assets/images/promote-students-5fb46ca65442e2fe383df91dc41ebcbb.png]
[Medhasa Edu-in.github.io/eSchool-SaaS-Doc/schooladmin/academics/transfer-promote-students/index.html]
[Medhasa Edu-in.github.io/eSchool-SaaS-Doc/assets/images/change-roll-number-a9ae3481778146aeb57af3c23a55913a.png]
[Medhasa Edu-in.github.io/eSchool-SaaS-Doc/schooladmin/academics/assign-roll-number/index.html]
[Medhasa Edu-in.github.io/eSchool-SaaS-Doc/assets/images/admission-form-fields-b53bb8106066caf8e763e5d1ada7753a.png]
[Medhasa Edu-in.github.io/eSchool-SaaS-Doc/schooladmin/students/admission-form-fields/index.html]
[Medhasa Edu-in.github.io/eSchool-SaaS-Doc/assets/images/student-admission-b0e9116fbeb56b5f4fc9fb474b82e89b.png]
[Medhasa Edu-in.github.io/eSchool-SaaS-Doc/assets/images/student-admission-2-b2d32bc0d558327edd75c4b040360694.png]
[Medhasa Edu-in.github.io/eSchool-SaaS-Doc/schooladmin/students/students-admission/index.html]
[Medhasa Edu-in.github.io/eSchool-SaaS-Doc/assets/images/admission-inquiries-b1d4534aeb43530d2ed44cfd2c40ec9b.png]
[Medhasa Edu-in.github.io/eSchool-SaaS-Doc/schooladmin/students/admission-inquiries/index.html]
[Medhasa Edu-in.github.io/eSchool-SaaS-Doc/assets/images/list-students-9d9ac56075484f290ae2077465d6d6d0.png]
[Medhasa Edu-in.github.io/eSchool-SaaS-Doc/schooladmin/students/student-details/index.html]
[Medhasa Edu-in.github.io/eSchool-SaaS-Doc/assets/images/reset-password-90c8b3766feb35e3db09330a2ccc6907.png]
[Medhasa Edu-in.github.io/eSchool-SaaS-Doc/schooladmin/students/students-reset-password/index.html]
[Medhasa Edu-in.github.io/eSchool-SaaS-Doc/assets/images/bulk-upload-e6152a0e1573148493102c656ea81633.png]
[Medhasa Edu-in.github.io/eSchool-SaaS-Doc/schooladmin/students/add-bulk-data/index.html]
[Medhasa Edu-in.github.io/eSchool-SaaS-Doc/assets/images/upload-bulk-profile-d3abc1296208fc9aeb1333ff1ae85c31.png]
[Medhasa Edu-in.github.io/eSchool-SaaS-Doc/schooladmin/students/upload-profile-images/index.html]
[Medhasa Edu-in.github.io/eSchool-SaaS-Doc/assets/images/list-guardian-05f8b4ad0f1c9a1ca845a1facda19635.png]
[Medhasa Edu-in.github.io/eSchool-SaaS-Doc/schooladmin/students/guardian/index.html]
[Medhasa Edu-in.github.io/eSchool-SaaS-Doc/assets/images/create-teacher-7e2be823be714df4b02ca422fa18bfe1.png]
[Medhasa Edu-in.github.io/eSchool-SaaS-Doc/schooladmin/teachers/manage-teachers/index.html]
[Medhasa Edu-in.github.io/eSchool-SaaS-Doc/assets/images/bulk-upload-teachers-c92cefeb0a7d1cc16d6c30370dd22fbc.png]
[Medhasa Edu-in.github.io/eSchool-SaaS-Doc/schooladmin/teachers/bulk-upload-teachers/index.html]
[Medhasa Edu-in.github.io/eSchool-SaaS-Doc/assets/images/list-timetable-0ad470447b750dabc88cfd2a6cde7bf2.png]
[Medhasa Edu-in.github.io/eSchool-SaaS-Doc/assets/images/create-timetable-2ee9d4254e4c33219926ea62f751bdd7.png]
[Medhasa Edu-in.github.io/eSchool-SaaS-Doc/schooladmin/timetable/create-timetable/index.html]
[Medhasa Edu-in.github.io/eSchool-SaaS-Doc/assets/images/teachers-timetable-4f59d160c8b8c92cfe80987180a8d8a9.png]
[Medhasa Edu-in.github.io/eSchool-SaaS-Doc/assets/images/teacher-timetable-view-40407ccc3cc182dd48534fb8dea60d39.png]
[Medhasa Edu-in.github.io/eSchool-SaaS-Doc/schooladmin/timetable/teacher-timetable/index.html]
[Medhasa Edu-in.github.io/eSchool-SaaS-Doc/assets/images/student-attendance-b1588c89dee23fad73ddf6850e931c31.png]
[Medhasa Edu-in.github.io/eSchool-SaaS-Doc/schooladmin/attendance/student-attendance/index.html]
[Medhasa Edu-in.github.io/eSchool-SaaS-Doc/assets/images/month-wise-student-attendance-c92a912c0aec8a94bb4e62da3dee8438.png]
[Medhasa Edu-in.github.io/eSchool-SaaS-Doc/schooladmin/attendance/month-wise-attendance/index.html]
[Medhasa Edu-in.github.io/eSchool-SaaS-Doc/assets/images/create-exam-29eb7c576bc0219a1084f18f6009840f.png]
[Medhasa Edu-in.github.io/eSchool-SaaS-Doc/assets/images/list-exams-47bc6f4ecf185b7b228fdb1322c4ad85.png]
[Medhasa Edu-in.github.io/eSchool-SaaS-Doc/assets/images/create-exam-timetable-af57de602e024f7e034180105e0589f2.png]
[Medhasa Edu-in.github.io/eSchool-SaaS-Doc/schooladmin/offline-exam/manage-offline-exam/index.html]
[Medhasa Edu-in.github.io/eSchool-SaaS-Doc/assets/images/offline-exam-result-ec146855299b25aa740da345ae87a91a.png]
[Medhasa Edu-in.github.io/eSchool-SaaS-Doc/schooladmin/offline-exam/offline-exam-result/index.html]
[Medhasa Edu-in.github.io/eSchool-SaaS-Doc/assets/images/manage-grade-fffb129e89761a574340a3db660bed33.png]
[Medhasa Edu-in.github.io/eSchool-SaaS-Doc/schooladmin/offline-exam/exam-grade/index.html]
[Medhasa Edu-in.github.io/eSchool-SaaS-Doc/assets/images/online-exam-47f78a27e1321466249f47e746b825cd.png]
[Medhasa Edu-in.github.io/eSchool-SaaS-Doc/assets/images/online-exam-result-f9282ca85ab8c2ca4bb6d2462b418fb0.png]
[Medhasa Edu-in.github.io/eSchool-SaaS-Doc/schooladmin/online-exam/manage-online-exam/index.html]
[Medhasa Edu-in.github.io/eSchool-SaaS-Doc/assets/images/add-question-1-2b104754a5302fc513764649e68bac78.png]
[Medhasa Edu-in.github.io/eSchool-SaaS-Doc/assets/images/add-question-2-43e03120641027ae6aca8a5fdf731234.png]
[Medhasa Edu-in.github.io/eSchool-SaaS-Doc/schooladmin/online-exam/manage-questions/index.html]
[Medhasa Edu-in.github.io/eSchool-SaaS-Doc/assets/images/create-fee-type-6440489ab96efc0e66bad7ad58cc3117.png]
[Medhasa Edu-in.github.io/eSchool-SaaS-Doc/assets/images/list-fee-types-e278ef93c30b32d87dbca274b981dc60.png]
[Medhasa Edu-in.github.io/eSchool-SaaS-Doc/schooladmin/fees/fees-type/index.html]
[Medhasa Edu-in.github.io/eSchool-SaaS-Doc/assets/images/create-class-fees-9fb5458c69cbd4bda7db0773c18364f1.png]
[Medhasa Edu-in.github.io/eSchool-SaaS-Doc/assets/images/compulsory-fee-installment-39752e2d6fc20210e36d8c6eb2f40f82.png]
[Medhasa Edu-in.github.io/eSchool-SaaS-Doc/assets/images/optional-fees-e96a7e9920ee850f4a6d192a0aedf7ac.png]
[Medhasa Edu-in.github.io/eSchool-SaaS-Doc/schooladmin/fees/manage-fees/index.html]
[Medhasa Edu-in.github.io/eSchool-SaaS-Doc/assets/images/list-fees-paid-f2dbc3fde9b0309bbe9efb81876b79cc.png]
[Medhasa Edu-in.github.io/eSchool-SaaS-Doc/assets/images/pay-compulsory-fee-31536bf9485f86d187eff0e7f0c64a26.png]
[Medhasa Edu-in.github.io/eSchool-SaaS-Doc/assets/images/pay-compulsory-fee-installment-05705db464eefbd5f2c2c9c62b13f696.png]
[Medhasa Edu-in.github.io/eSchool-SaaS-Doc/assets/images/pay-optional-fees-a2c18c8df3ae8ae4c565d612fc9b2115.png]
[Medhasa Edu-in.github.io/eSchool-SaaS-Doc/schooladmin/fees/fee-paid/index.html]
[Medhasa Edu-in.github.io/eSchool-SaaS-Doc/assets/images/fees-transaction-logs-fb0ba456d4c7f0a6af55cf433543a59c.png]
[Medhasa Edu-in.github.io/eSchool-SaaS-Doc/schooladmin/fees/fee-transaction-logs/index.html]
[Medhasa Edu-in.github.io/eSchool-SaaS-Doc/assets/images/manage-expense-category-e118635f47a75b53a23bc7a0a9ebca87.png]
[Medhasa Edu-in.github.io/eSchool-SaaS-Doc/schooladmin/expense/manage-expense-category/index.html]
[Medhasa Edu-in.github.io/eSchool-SaaS-Doc/assets/images/create-expense-9a46ee5dac7e5b0bab7ad25027f870a6.png]
[Medhasa Edu-in.github.io/eSchool-SaaS-Doc/assets/images/list-expense-786f0875fe62502896d43a5408635625.png]
[Medhasa Edu-in.github.io/eSchool-SaaS-Doc/schooladmin/expense/manage-expense/index.html]
[Medhasa Edu-in.github.io/eSchool-SaaS-Doc/schooladmin/student-diary/index.html]
[Medhasa Edu-in.github.io/eSchool-SaaS-Doc/schooladmin/transportation/transportation-module/index.html]
[Medhasa Edu-in.github.io/eSchool-SaaS-Doc/schooladmin/staff-attendance/index.html]
[Medhasa Edu-in.github.io/eSchool-SaaS-Doc/assets/images/payroll-0de034bf48e69a7e1502975b5646ea5c.png]
[Medhasa Edu-in.github.io/eSchool-SaaS-Doc/schooladmin/payroll/index.html]
[Medhasa Edu-in.github.io/eSchool-SaaS-Doc/assets/images/payrollSettings-c33e352a023cc906428a16b55b9413ba.png]
[Medhasa Edu-in.github.io/eSchool-SaaS-Doc/schooladmin/payroll/payroll-settings/index.html]
[Medhasa Edu-in.github.io/eSchool-SaaS-Doc/assets/images/create-template-1-b0533094e68efc8f69c503ec6067aafe.png]
[Medhasa Edu-in.github.io/eSchool-SaaS-Doc/assets/images/create-template-2-456ae6d0f1fd13491a960edbea5ec020.png]
[Medhasa Edu-in.github.io/eSchool-SaaS-Doc/assets/images/list-certificate-templates-a51e753bb6b8ac9d6829450ace2452f8.png]
[Medhasa Edu-in.github.io/eSchool-SaaS-Doc/assets/images/certificate-template-layout-de8276b41e2fc29bcbee2de210ec5475.png]
[Medhasa Edu-in.github.io/eSchool-SaaS-Doc/schooladmin/certificate-idcard/template/index.html]
[Medhasa Edu-in.github.io/eSchool-SaaS-Doc/assets/images/student-certificates-50acf2c58529d845e83a67a8e6376987.png]
[Medhasa Edu-in.github.io/eSchool-SaaS-Doc/schooladmin/certificate-idcard/student-certificate/index.html]
[Medhasa Edu-in.github.io/eSchool-SaaS-Doc/assets/images/staff-certificates-3d540393fd862e48b499eed9e12af5ad.png]
[Medhasa Edu-in.github.io/eSchool-SaaS-Doc/schooladmin/certificate-idcard/staff-certificate/index.html]
[Medhasa Edu-in.github.io/eSchool-SaaS-Doc/assets/images/IDCardSettings-59ff72aa9f679d952314abaa13748fbb.png]
[Medhasa Edu-in.github.io/eSchool-SaaS-Doc/assets/images/generateIDCard-828b3ed5e598a209706d54007b271536.png]
[Medhasa Edu-in.github.io/eSchool-SaaS-Doc/assets/images/IDCard-f35be5851485eb1db758190ac1dcac77.png]
[Medhasa Edu-in.github.io/eSchool-SaaS-Doc/assets/images/student-id-cart-setting-64b3c771fe8be412054f4d242594badb.png]
[Medhasa Edu-in.github.io/eSchool-SaaS-Doc/assets/images/student-id-card-2-setting-a06ae770fd334f95220bbc8f600b624f.png]
[Medhasa Edu-in.github.io/eSchool-SaaS-Doc/assets/images/staff-certificate-setting-38f506fdfdc65a6b9f3ee8a381760e0a.png]
[Medhasa Edu-in.github.io/eSchool-SaaS-Doc/assets/images/staff-certificate-setting-2-b0cfa7839d6eecd0d56b2c9db370a8be.png]
[Medhasa Edu-in.github.io/eSchool-SaaS-Doc/schooladmin/certificate-idcard/id-card-settings/index.html]
[Medhasa Edu-in.github.io/eSchool-SaaS-Doc/assets/images/generate-student-id-card-5240076dd4bc14974b36175caa6e19bc.png]
[Medhasa Edu-in.github.io/eSchool-SaaS-Doc/schooladmin/certificate-idcard/student-id-card/index.html]
[Medhasa Edu-in.github.io/eSchool-SaaS-Doc/assets/images/generate-staff-id-card-96ad3707e08af7d8052ca5d00713fee4.png]
[Medhasa Edu-in.github.io/eSchool-SaaS-Doc/schooladmin/certificate-idcard/staff-id-card/index.html]
[Medhasa Edu-in.github.io/eSchool-SaaS-Doc/assets/images/list-roles-9d309912a73f18cf330e31789ff112cc.png]
[Medhasa Edu-in.github.io/eSchool-SaaS-Doc/assets/images/create-role-57da51f8c142e61d3fe806c0d0ea4709.png]
[Medhasa Edu-in.github.io/eSchool-SaaS-Doc/schooladmin/staff-management/role-permission/index.html]
[Medhasa Edu-in.github.io/eSchool-SaaS-Doc/assets/images/create-staff-68efa893419da5c48fa3405d2cd110d9.png]
[Medhasa Edu-in.github.io/eSchool-SaaS-Doc/schooladmin/staff-management/staff/index.html]
[Medhasa Edu-in.github.io/eSchool-SaaS-Doc/assets/images/staff-bulk-upload-69fe143b2925b0b82fb01a5ac6fe12ff.png]
[Medhasa Edu-in.github.io/eSchool-SaaS-Doc/schooladmin/staff-management/bulk-upload-staffs/index.html]
[Medhasa Edu-in.github.io/eSchool-SaaS-Doc/assets/images/staffLeave-b76b9e380e8cd219c0f7cfd26c3cd908.png]
[Medhasa Edu-in.github.io/eSchool-SaaS-Doc/assets/images/view-leave-09880d68129f8f3a68937bfd9db2b9b0.png]
[Medhasa Edu-in.github.io/eSchool-SaaS-Doc/assets/images/leaveReport-72dd6893cfbcdaf8b95226637192d341.png]
[Medhasa Edu-in.github.io/eSchool-SaaS-Doc/schooladmin/staff-leave/index.html]
[Medhasa Edu-in.github.io/eSchool-SaaS-Doc/assets/images/leave-report-d8d2bd3c819c7f0fdf9042b1cf39b98f.png]
[Medhasa Edu-in.github.io/eSchool-SaaS-Doc/schooladmin/staff-leave/leave-report/index.html]
[Medhasa Edu-in.github.io/eSchool-SaaS-Doc/assets/images/content-150d37574ca3149138043ff7a84a5b25.png]
[Medhasa Edu-in.github.io/eSchool-SaaS-Doc/schooladmin/web-settings/content/index.html]
[Medhasa Edu-in.github.io/eSchool-SaaS-Doc/assets/images/faqs-d557b0b3f4cdfc06da7fb2314e728cc2.png]
[Medhasa Edu-in.github.io/eSchool-SaaS-Doc/schooladmin/web-settings/faqs/index.html]
[Medhasa Edu-in.github.io/eSchool-SaaS-Doc/assets/images/general-setting-aec4001c84a2834045cfd65cd87f294c.png]
[Medhasa Edu-in.github.io/eSchool-SaaS-Doc/assets/images/roll-number-setting-5cb224125d37d7e1033961d618ea3ef6.png]
[Medhasa Edu-in.github.io/eSchool-SaaS-Doc/schooladmin/system-settings/general-settings/index.html]
[Medhasa Edu-in.github.io/eSchool-SaaS-Doc/assets/images/leave-settings-d90320c6c45e860907a49289ec5fdcb6.png]
[Medhasa Edu-in.github.io/eSchool-SaaS-Doc/schooladmin/system-settings/leave-settings/index.html]
[Medhasa Edu-in.github.io/eSchool-SaaS-Doc/assets/images/online-exam-terms-condition-2e6015bafd5c5a224d82a06fb3059765.png]
[Medhasa Edu-in.github.io/eSchool-SaaS-Doc/schooladmin/system-settings/online-exam-terms-condition/index.html]
[Medhasa Edu-in.github.io/eSchool-SaaS-Doc/assets/images/email-template-5afe28bd2b584b4c4e34fd63773d9757.png]
[Medhasa Edu-in.github.io/eSchool-SaaS-Doc/schooladmin/system-settings/email-template/index.html]
[Medhasa Edu-in.github.io/eSchool-SaaS-Doc/schooladmin/system-settings/payment-settings/index.html]
[Medhasa Edu-in.github.io/eSchool-SaaS-Doc/schooladmin/system-settings/third-party-api/index.html]
[Medhasa Edu-in.github.io/eSchool-SaaS-Doc/schooladmin/system-settings/terms-and-conditions/index.html]
[Medhasa Edu-in.github.io/eSchool-SaaS-Doc/schooladmin/system-settings/privacy-policy/index.html]
[Medhasa Edu-in.github.io/eSchool-SaaS-Doc/schooladmin/system-settings/refund-cancellation/index.html]
